opened 1 url http://127.0.0.1:8010/lifeweave/personal/items/item-7547b65b4f704829/overview?step=workflow-modal scrollHeight 1373 1339 bodyOverflow hidden
dialog rect {'x': 160, 'y': 45, 'width': 1120, 'height': 810} body [674, 1030]
dialog text 已完成
步骤弹窗与产物树
关闭
依赖步骤
规划与交付要求
后续步骤
真实接续与交付验证

计划记录 · 已完成

本步工作

交付有界弹窗、分类目录、文件diff和键盘/返回定位的浏览器证据。

本步结论

已实现并固定本步骤代码交付；集成验收与独立审查仍在单独步骤继续。

交付与验收

交付已登记

代码 · 固定代码、文档及交付说明必需

怎样验收
交付有界弹窗、分类目录、文件diff和键盘/返回定位的浏览器证据。

讨论这一步
编辑本步与成果关联
本步产物 1
在成果页阅读 ↗
代码交付 · 0a8565fd6634
步骤弹窗、产物分类树与文件差异

形成于 2026/9/27 21:25:31

人工登记

步骤弹窗、产物分类树与文件差异。本包固定本轮相对基线的实际修改；验证结论另见步骤检查与集成验证产物。

产物分类与目录

固定版本 0a8565fd6634 · 28 个文件

下载整份固定成果
查找路径
变更状态
全部状态
新增
修改
删除
重命名
未变更
共 28 个文件
文档
1 文件
▸
代码变更
27 文件 · +1098 / −239
▸
查看执行与验收详情
背景与执行依据
执行尝试与检查 · 2
catalogs 1 category buttons ['文档\n1 文件\n▸', '代码变更\n27 文件 · +1098 / −239\n▸']
search status 找到 1 / 28 个文件
tree buttons []
diff 0 变更状态
全部状态
新增
修改
删除
重命名
未变更
找到 1 / 28 个文件
文档
1 文件
▸
代码变更
27 文件 · +1098 / −239
▾
▾
web
1 文件 · +82 / −0
▾
src
1 文件 · +82 / −0
▾
features
1 文件 · +82 / −0
▾
lifeweave
1 文件 · +82 / −0
▾
components
1 文件 · +82 / −0
▾
workspace
1 文件 · +82 / −0
WorkStepDialog.vue
新增 · +82 / −0
新增
web/src/features/lifeweave/components/workspace/WorkStepDialog.vue
+82 / −0
下载此固定版本文件

正在读取固定版本文件…

查看执行与验收详情
背景与执行依据
执行尝试与检查 · 2
doc file buttons ['implementation-result.md\n未变更']
Traceback (most recent call last):
  File "<stdin>", line 30, in <module>
  File "/home/yyh/miniconda3/envs/data_science/lib/python3.10/site-packages/playwright/sync_api/_generated.py", line 9197, in wait_for_url
    self._sync(
  File "/home/yyh/miniconda3/envs/data_science/lib/python3.10/site-packages/playwright/_impl/_sync_base.py", line 115, in _sync
    return task.result()
  File "/home/yyh/miniconda3/envs/data_science/lib/python3.10/site-packages/playwright/_impl/_page.py", line 580, in wait_for_url
    return await self._main_frame.wait_for_url(**locals_to_params(locals()))
  File "/home/yyh/miniconda3/envs/data_science/lib/python3.10/site-packages/playwright/_impl/_frame.py", line 263, in wait_for_url
    async with self.expect_navigation(
  File "/home/yyh/miniconda3/envs/data_science/lib/python3.10/site-packages/playwright/_impl/_event_context_manager.py", line 33, in __aexit__
    await self._future
  File "/home/yyh/miniconda3/envs/data_science/lib/python3.10/site-packages/playwright/_impl/_frame.py", line 239, in continuation
    event = await waiter.result()
playwright._impl._errors.TimeoutError: Timeout 30000ms exceeded.
=========================== logs ===========================
waiting for navigation to "**/lifeweave/personal/knowledge?*" until 'load'
  navigated to "http://127.0.0.1:8010/lifeweave/personal/items/item-7547b65b4f704829/overview?step=workflow-modal&file=implementation-result.md&output=artifact:output-ce53de7a6fcc8301a25b37856e32e690"
  navigated to "http://127.0.0.1:8010/lifeweave/personal/knowledge?item=item-7547b65b4f704829&output=artifact:output-ce53de7a6fcc8301a25b37856e32e690&path=implementation-result.md&version=0a8565fd6634e20f7147b8be4b0a029a12a95ee3097c1fa8d8c9bbcf89bd17c0&returnTo=/lifeweave/personal/items/item-7547b65b4f704829/overview?step=workflow-modal%26file=implementation-result.md%26output=artifact:output-ce53de7a6fcc8301a25b37856e32e690"
============================================================
